// Jest Snapshot v1, https://goo.gl/fbAQLP

exports[`renders correctly 1`] = `
<div
  className="character-box"
>
  <div
    className="image"
  >
    <img
      alt="Big Boobed Waitress"
      src="https://rickandmortyapi.com/api/character/avatar/41.jpeg"
    />
  </div>
  <div
    className="info"
  >
    <div>
      <span>
        Name:
      </span>
      <span>
        Big Boobed Waitress
      </span>
    </div>
    <div>
      <span>
        From:
      </span>
      <span>
        Fantasy World
      </span>
    </div>
    <div>
      <span>
        Last Five Seen In:
      </span>
      <span>
        <ul>
          <li>
            Close Rick-counters of the Rick Kind
          </li>
          <li>
            The Ricklantis Mixup
          </li>
        </ul>
      </span>
    </div>
  </div>
  <button
    className="btn"
    onClick={[Function]}
  >
    <div
      className="bk-btn"
    >
      <div
        className="bk-btn-triangle"
      />
      <div
        className="bk-btn-bar"
      />
    </div>
  </button>
</div>
`;
