// Jest Snapshot v1, https://goo.gl/fbAQLP

exports[`renders correctly 1`] = `
<ul
  className="list"
>
  <li
    className="list-item-box"
    data-id={19}
  >
    <a
      href="/detail/19"
      onClick={[Function]}
    >
      <div
        className="image"
      >
        <img
          alt="Antenna Rick"
          src="https://rickandmortyapi.com/api/character/avatar/19.jpeg"
        />
      </div>
      <div
        className="name"
      >
        19
        -
        Antenna Rick
      </div>
    </a>
  </li>
  <li
    className="list-item-box"
    data-id={20}
  >
    <a
      href="/detail/20"
      onClick={[Function]}
    >
      <div
        className="image"
      >
        <img
          alt="Ants in my Eyes Johnson"
          src="https://rickandmortyapi.com/api/character/avatar/20.jpeg"
        />
      </div>
      <div
        className="name"
      >
        20
        -
        Ants in my Eyes Johnson
      </div>
    </a>
  </li>
</ul>
`;
